TYPEMAP

# Defaults
const char  *   T_PV
const char  **  T_PV
char        **  T_PV
uchar           T_U_CHAR
uchar       *   T_PV
float           T_FLOAT
const void  *   T_PTR
int         *   T_IPTR
const int   *   T_IPTR
const uchar *   T_PV

# Enum
Flags               T_INT
Browser::linepos    O_FLTK
PixelType           O_FLTK

# Objects
Adjuster            *   O_FLTK
AssociationType         O_FLTK
AssociationType     *   O_FLTK
AssociationFunctor      O_FLTK
AssociationFunctor  *   O_FLTK
AlignGroup          *   O_FLTK
AnsiWidget          *   O_FLTK
BarGroup            *   O_FLTK
Browser             *   O_FLTK
Browser::Mark       *   O_FLTK
fltk::Rectangle     *   O_FLTK
Box                 *   O_FLTK
Button              *   O_FLTK
Callback            *   O_FLTK
ccHueBox            *   O_FLTK
ccValueBox          *   O_FLTK
ccCellBox           *   O_FLTK
CheckButton         *   O_FLTK
Choice              *   O_FLTK
Clock               *   O_FLTK
ClockOutput         *   O_FLTK
Color                   T_INT
ColorChooser        *   O_FLTK
ComboBox            *   O_FLTK
Cursor              *   O_FLTK
CycleButton         *   O_FLTK
Dial                *   O_FLTK
FileBrowser         *   O_FLTK
FileChooser         *   O_FLTK
FileIcon            *   O_FLTK
FileInput           *   O_FLTK
FillDial            *   O_FLTK
FillSlider          *   O_FLTK
FlatBox             *   O_FLTK
FloatInput          *   O_FLTK
Font                *   O_FLTK
FrameBox            *   O_FLTK
GlWindow            *   O_FLTK
GLContext               O_FLTK
HelpDialog          *   O_FLTK
HelpView            *   O_FLTK
HighlightBox        *   O_FLTK
HighlightButton     *   O_FLTK
Image               *   O_FLTK
LabelType           *   O_FLTK
const Monitor       *   O_FLTK
Monitor             *   O_FLTK
MultiBrowser        *   O_FLTK
NamedStyle          *   O_FLTK
Menu                *   O_FLTK
List                *   O_FLTK
Scrollbar           *   O_FLTK
Slider              *   O_FLTK
const Style         *   O_FLTK
Style               *   O_FLTK
const Symbol        *   O_FLTK
Symbol              *   O_FLTK
ShortcutFunctor     *   O_FLTK
Group               *   O_FLTK
LabelType           *   O_FLTK
Valuator            *   O_FLTK
ValueInput          *   O_FLTK
ValueOutput         *   O_FLTK
Widget              *   O_FLTK
WidgetSubclass      *   O_FLTK
const Widget        *   O_FLTK
      Window        *   O_FLTK
const Window        *   O_FLTK

OUTPUT
O_FLTK
    sv_setref_pv( $arg, \"FLTK::${(my $ntt=$ntype)=~s'(?:Ptr$?|^.*\W)''g;\$ntt}\", ( void * ) $var ); /* ${ntype} */

INPUT
O_FLTK
    if (sv_isobject($arg) && sv_derived_from($arg, \"FLTK::${(my $ntt=$ntype)=~s'(?:Ptr$?|^.*\W)''g;\$ntt}\")) /* ${ntype} */
        $var = INT2PTR( $type, SvIV( ( SV * ) SvRV( $arg ) ) );
    else
        Perl_croak( aTHX_ \"%s: %s is not of type %s\",
            ${$ALIAS?\q[GvNAME(CvGV(cv))]:\qq[\"$pname\"]}, \"$var\", \"FLTK::${(my $ntt=$ntype)=~s'(?:Ptr$?|^.*\W)''g;\$ntt}\" )

/*

=pod

=for license Artistic License 2.0 | Copyright (C) 2009 by Sanko Robinson

=for author Sanko Robinson <sanko@cpan.org> - http://sankorobinson.com/

=for abstract Type definitions for the Fast Light Toolkit

=for git $Id$ for got=

=cut

*/
